// Jest Snapshot v1, https://goo.gl/fbAQLP

exports[`<TodoForm /> should match snapshot 1`] = `
<form
  class="form-inline"
>
  <div
    class="form-group"
  >
    <label
      for="task-input"
    >
      Task:
    </label>
    <input
      aria-label="checkbox to toggle task completion"
      class="form-control"
      id="task-input"
      placeholder="Enter new task here"
      type="text"
      value=""
    />
    <button
      class="btn btn-success"
      type="submit"
    >
      Add
    </button>
  </div>
</form>
`;
