// Jest Snapshot v1, https://goo.gl/fbAQLP

exports[`<Title /> should match snapshot 1`] = `
<h2>
  No tasks remaining ðŸ¤—
</h2>
`;
